1.0000000000000000e+00
5.3914777797987999e-02
6.4329928008835877e-06
1.7142913899868234e-05
8.6067986924179996e-07
1.6493409833640450e-06
