1.0000000000000000e+00
5.3914777797987923e-02
6.4329928008835919e-06
1.7142913899868234e-05
8.6067986924177952e-07
1.6493409833638794e-06
